<?xml version="1.0" encoding="UTF-8"?>
<testsuites name="jest tests" tests="237" failures="0" errors="0" time="7.267">
  <testsuite name="MyOrdersScreen" errors="0" failures="0" skipped="0" timestamp="2026-09-03T21:52:51" time="3.311" tests="5">
    <testcase classname="MyOrdersScreen shows each order with its status" name="MyOrdersScreen shows each order with its status" time="0.995">
    </testcase>
    <testcase classname="MyOrdersScreen shows an empty state when there are no orders" name="MyOrdersScreen shows an empty state when there are no orders" time="0.107">
    </testcase>
    <testcase classname="MyOrdersScreen offers proof-of-payment upload with bank details only for awaiting-payment orders" name="MyOrdersScreen offers proof-of-payment upload with bank details only for awaiting-payment orders" time="0.071">
    </testcase>
    <testcase classname="MyOrdersScreen shows the rejection reason and allows resubmission for a rejected order" name="MyOrdersScreen shows the rejection reason and allows resubmission for a rejected order" time="0.116">
    </testcase>
    <testcase classname="MyOrdersScreen uploads proof of payment for the specific order tapped" name="MyOrdersScreen uploads proof of payment for the specific order tapped" time="0.111">
    </testcase>
  </testsuite>
  <testsuite name="LoginScreen rendering" errors="0" failures="0" skipped="0" timestamp="2026-09-03T21:52:51" time="3.647" tests="9">
    <testcase classname="LoginScreen rendering renders the church title and welcome heading" name="LoginScreen rendering renders the church title and welcome heading" time="1.125">
    </testcase>
    <testcase classname="LoginScreen rendering renders the identifier and password inputs" name="LoginScreen rendering renders the identifier and password inputs" time="0.071">
    </testcase>
    <testcase classname="LoginScreen rendering passes a mobile number through to loginUser unchanged" name="LoginScreen rendering passes a mobile number through to loginUser unchanged" time="0.117">
    </testcase>
    <testcase classname="LoginScreen validation shows an alert when fields are empty" name="LoginScreen validation shows an alert when fields are empty" time="0.058">
    </testcase>
    <testcase classname="LoginScreen login flow calls loginUser with trimmed credentials" name="LoginScreen login flow calls loginUser with trimmed credentials" time="0.074">
    </testcase>
    <testcase classname="LoginScreen login flow calls onLogin with user data on success" name="LoginScreen login flow calls onLogin with user data on success" time="0.099">
    </testcase>
    <testcase classname="LoginScreen login flow shows an alert on login failure" name="LoginScreen login flow shows an alert on login failure" time="0.091">
    </testcase>
    <testcase classname="LoginScreen continue as visitor signs out any lingering session before switching to visitor mode" name="LoginScreen continue as visitor signs out any lingering session before switching to visitor mode" time="0.037">
    </testcase>
    <testcase classname="LoginScreen continue as visitor still switches to visitor mode even if signOut fails" name="LoginScreen continue as visitor still switches to visitor mode even if signOut fails" time="0.067">
    </testcase>
  </testsuite>
  <testsuite name="EventsScreen" errors="0" failures="0" skipped="0" timestamp="2026-09-03T21:52:51" time="4.204" tests="8">
    <testcase classname="EventsScreen lets a visitor browse the event list without an account" name="EventsScreen lets a visitor browse the event list without an account" time="1.308">
    </testcase>
    <testcase classname="EventsScreen blocks a visitor from registering with a Sign In Required alert" name="EventsScreen blocks a visitor from registering with a Sign In Required alert" time="0.08">
    </testcase>
    <testcase classname="EventsScreen registers a member for a free event with no payment step" name="EventsScreen registers a member for a free event with no payment step" time="0.302">
    </testcase>
    <testcase classname="EventsScreen registers a member for a paid event and surfaces EFT details" name="EventsScreen registers a member for a paid event and surfaces EFT details" time="0.241">
    </testcase>
    <testcase classname="EventsScreen shows a registered confirmation instead of a Register button when already registered" name="EventsScreen shows a registered confirmation instead of a Register button when already registered" time="0.074">
    </testcase>
    <testcase classname="EventsScreen creates only one registration when Register is double-tapped" name="EventsScreen creates only one registration when Register is double-tapped" time="0.086">
    </testcase>
    <testcase classname="EventsScreen blocks registration for a full event" name="EventsScreen blocks registration for a full event" time="0.07">
    </testcase>
    <testcase classname="EventsScreen shows Registered &amp; Paid only on the event whose payment was approved" name="EventsScreen shows Registered &amp; Paid only on the event whose payment was approved" time="0.063">
    </testcase>
  </testsuite>
  <testsuite name="GivingScreen rendering" errors="0" failures="0" skipped="0" timestamp="2026-09-03T21:52:51" time="4.242" tests="9">
    <testcase classname="GivingScreen rendering renders fund options and defaults to the first fund and R100" name="GivingScreen rendering renders fund options and defaults to the first fund and R100" time="1.209">
    </testcase>
    <testcase classname="GivingScreen rendering does not show the visitor name field for a signed-in member" name="GivingScreen rendering does not show the visitor name field for a signed-in member" time="0.074">
    </testcase>
    <testcase classname="GivingScreen rendering shows the visitor name field for a visitor (no uid)" name="GivingScreen rendering shows the visitor name field for a visitor (no uid)" time="0.051">
    </testcase>
    <testcase classname="GivingScreen amount validation shows an error and does not submit when &quot;Other&quot; is selected with no amount entered" name="GivingScreen amount validation shows an error and does not submit when &quot;Other&quot; is selected with no amount entered" time="0.174">
    </testcase>
    <testcase classname="GivingScreen amount validation rejects a custom amount below R10" name="GivingScreen amount validation rejects a custom amount below R10" time="0.169">
    </testcase>
    <testcase classname="GivingScreen member giving shows the bank details with the member reference without logging a transaction" name="GivingScreen member giving shows the bank details with the member reference without logging a transaction" time="0.198">
    </testcase>
    <testcase classname="GivingScreen visitor (anonymous) giving shows a default visitor reference when no name is entered" name="GivingScreen visitor (anonymous) giving shows a default visitor reference when no name is entered" time="0.129">
    </testcase>
    <testcase classname="GivingScreen visitor (anonymous) giving uses the entered name in the reference when provided" name="GivingScreen visitor (anonymous) giving uses the entered name in the reference when provided" time="0.204">
    </testcase>
    <testcase classname="GivingScreen bank details modal copies the account number to the clipboard" name="GivingScreen bank details modal copies the account number to the clipboard" time="0.109">
    </testcase>
  </testsuite>
  <testsuite name="PrayerWallScreen rendering" errors="0" failures="0" skipped="0" timestamp="2026-09-03T21:52:51" time="4.346" tests="15">
    <testcase classname="PrayerWallScreen rendering renders the Prayer Wall title" name="PrayerWallScreen rendering renders the Prayer Wall title" time="1.034">
    </testcase>
    <testcase classname="PrayerWallScreen rendering shows National and District scope toggles" name="PrayerWallScreen rendering shows National and District scope toggles" time="0.085">
    </testcase>
    <testcase classname="PrayerWallScreen rendering renders prayer requests after loading" name="PrayerWallScreen rendering renders prayer requests after loading" time="0.091">
    </testcase>
    <testcase classname="PrayerWallScreen rendering shows empty state when no requests" name="PrayerWallScreen rendering shows empty state when no requests" time="0.069">
    </testcase>
    <testcase classname="PrayerWallScreen scope toggle calls getPrayerRequests with national scope by default" name="PrayerWallScreen scope toggle calls getPrayerRequests with national scope by default" time="0.05">
    </testcase>
    <testcase classname="PrayerWallScreen scope toggle re-fetches with district scope when District is pressed" name="PrayerWallScreen scope toggle re-fetches with district scope when District is pressed" time="0.136">
    </testcase>
    <testcase classname="PrayerWallScreen submit shows alert when body is empty" name="PrayerWallScreen submit shows alert when body is empty" time="0.083">
    </testcase>
    <testcase classname="PrayerWallScreen submit prevents visitor from submitting" name="PrayerWallScreen submit prevents visitor from submitting" time="0.073">
    </testcase>
    <testcase classname="PrayerWallScreen submit submits request and reloads list on success" name="PrayerWallScreen submit submits request and reloads list on success" time="0.314">
    </testcase>
    <testcase classname="PrayerWallScreen praying calls prayForRequest with the request id and user uid" name="PrayerWallScreen praying calls prayForRequest with the request id and user uid" time="0.088">
    </testcase>
    <testcase classname="PrayerWallScreen praying increments prayCount in UI when action is added" name="PrayerWallScreen praying increments prayCount in UI when action is added" time="0.157">
    </testcase>
    <testcase classname="PrayerWallScreen praying decrements prayCount in UI when action is removed" name="PrayerWallScreen praying decrements prayCount in UI when action is removed" time="0.148">
    </testcase>
    <testcase classname="PrayerWallScreen praying shows error alert when prayForRequest fails" name="PrayerWallScreen praying shows error alert when prayForRequest fails" time="0.131">
    </testcase>
    <testcase classname="PrayerWallScreen double-submit guards replaces the submit button with a spinner while in flight and only submits once" name="PrayerWallScreen double-submit guards replaces the submit button with a spinner while in flight and only submits once" time="0.108">
    </testcase>
    <testcase classname="PrayerWallScreen double-submit guards does not call prayForRequest twice for the same request when tapped rapidly" name="PrayerWallScreen double-submit guards does not call prayForRequest twice for the same request when tapped rapidly" time="0.108">
    </testcase>
  </testsuite>
  <testsuite name="AdminScreen rendering" errors="0" failures="0" skipped="0" timestamp="2026-09-03T21:52:51" time="5.176" tests="18">
    <testcase classname="AdminScreen rendering shows loading indicator initially" name="AdminScreen rendering shows loading indicator initially" time="1.203">
    </testcase>
    <testcase classname="AdminScreen rendering renders tabs after loading" name="AdminScreen rendering renders tabs after loading" time="0.172">
    </testcase>
    <testcase classname="AdminScreen rendering renders pending user cards in the Pending tab" name="AdminScreen rendering renders pending user cards in the Pending tab" time="0.096">
    </testcase>
    <testcase classname="AdminScreen error handling shows error alert when loadAll fails" name="AdminScreen error handling shows error alert when loadAll fails" time="0.093">
    </testcase>
    <testcase classname="AdminScreen tab navigation switches to Payments tab when pressed" name="AdminScreen tab navigation switches to Payments tab when pressed" time="0.131">
    </testcase>
    <testcase classname="AdminScreen tab navigation switches to Actions tab when pressed" name="AdminScreen tab navigation switches to Actions tab when pressed" time="0.136">
    </testcase>
    <testcase classname="AdminScreen approve/reject removes user from list after approval" name="AdminScreen approve/reject removes user from list after approval" time="0.095">
    </testcase>
    <testcase classname="AdminScreen approve/reject rejects a user with a typed reason through the reject modal" name="AdminScreen approve/reject rejects a user with a typed reason through the reject modal" time="0.198">
    </testcase>
    <testcase classname="AdminScreen approve/reject rejects an event payment with the reason passed through" name="AdminScreen approve/reject rejects an event payment with the reason passed through" time="0.197">
    </testcase>
    <testcase classname="AdminScreen approve/reject shows error alert if approval fails" name="AdminScreen approve/reject shows error alert if approval fails" time="0.165">
    </testcase>
    <testcase classname="AdminScreen leader role (cannot approve/reject user registrations) does not show the Pending tab, only Payments and Actions" name="AdminScreen leader role (cannot approve/reject user registrations) does not show the Pending tab, only Payments and Actions" time="0.024">
    </testcase>
    <testcase classname="AdminScreen leader role (cannot approve/reject user registrations) defaults to the Payments tab instead of Pending" name="AdminScreen leader role (cannot approve/reject user registrations) defaults to the Payments tab instead of Pending" time="0.062">
    </testcase>
    <testcase classname="AdminScreen leader role (cannot approve/reject user registrations) never calls getPendingRegistrations for a leader reviewer" name="AdminScreen leader role (cannot approve/reject user registrations) never calls getPendingRegistrations for a leader reviewer" time="0.054">
    </testcase>
    <testcase classname="AdminScreen leader role (cannot approve/reject user registrations) hides the &quot;Pending Approvals&quot; quick action" name="AdminScreen leader role (cannot approve/reject user registrations) hides the &quot;Pending Approvals&quot; quick action" time="0.109">
    </testcase>
    <testcase classname="AdminScreen Events tab lists each event with registration and paid counts" name="AdminScreen Events tab lists each event with registration and paid counts" time="0.129">
    </testcase>
    <testcase classname="AdminScreen Events tab expands an event to show attendees with status badges" name="AdminScreen Events tab expands an event to show attendees with status badges" time="0.146">
    </testcase>
    <testcase classname="AdminScreen Events tab shares an attendee list as CSV" name="AdminScreen Events tab shares an attendee list as CSV" time="0.196">
    </testcase>
    <testcase classname="AdminScreen Events tab shows the Events tab to leaders with congregation scoping" name="AdminScreen Events tab shows the Events tab to leaders with congregation scoping" time="0.05">
    </testcase>
  </testsuite>
  <testsuite name="HomeScreen rendering" errors="0" failures="0" skipped="0" timestamp="2026-09-03T21:52:55" time="1.608" tests="9">
    <testcase classname="HomeScreen rendering renders without crashing" name="HomeScreen rendering renders without crashing" time="0.24">
    </testcase>
    <testcase classname="HomeScreen rendering shows a greeting" name="HomeScreen rendering shows a greeting" time="0.068">
    </testcase>
    <testcase classname="HomeScreen rendering shows the correct number of districts and congregations" name="HomeScreen rendering shows the correct number of districts and congregations" time="0.087">
    </testcase>
    <testcase classname="HomeScreen rendering shows the current release presentation badge" name="HomeScreen rendering shows the current release presentation badge" time="0.093">
    </testcase>
    <testcase classname="HomeScreen events shows a loading indicator initially" name="HomeScreen events shows a loading indicator initially" time="0.031">
    </testcase>
    <testcase classname="HomeScreen events renders upcoming events after loading" name="HomeScreen events renders upcoming events after loading" time="0.218">
    </testcase>
    <testcase classname="HomeScreen events shows empty state when no upcoming events" name="HomeScreen events shows empty state when no upcoming events" time="0.138">
    </testcase>
    <testcase classname="HomeScreen notification bell navigates a member to Notifications and shows the dot only when unread exist" name="HomeScreen notification bell navigates a member to Notifications and shows the dot only when unread exist" time="0.091">
    </testcase>
    <testcase classname="HomeScreen notification bell sends a visitor to the SignIn prompt instead" name="HomeScreen notification bell sends a visitor to the SignIn prompt instead" time="0.097">
    </testcase>
  </testsuite>
  <testsuite name="ProfileScreen" errors="0" failures="0" skipped="0" timestamp="2026-09-03T21:52:55" time="1.986" tests="11">
    <testcase classname="ProfileScreen shows name, role/status badge, congregation, and district" name="ProfileScreen shows name, role/status badge, congregation, and district" time="0.483">
    </testcase>
    <testcase classname="ProfileScreen navigates to each Account row target" name="ProfileScreen navigates to each Account row target" time="0.039">
    </testcase>
    <testcase classname="ProfileScreen hides Documents and Admin Panel from members" name="ProfileScreen hides Documents and Admin Panel from members" time="0.046">
    </testcase>
    <testcase classname="ProfileScreen shows Documents and Admin Panel to leaders and they navigate correctly" name="ProfileScreen shows Documents and Admin Panel to leaders and they navigate correctly" time="0.046">
    </testcase>
    <testcase classname="ProfileScreen shows Documents and Admin Panel to admins" name="ProfileScreen shows Documents and Admin Panel to admins" time="0.051">
    </testcase>
    <testcase classname="ProfileScreen asks for confirmation before signing out and cancel keeps the session" name="ProfileScreen asks for confirmation before signing out and cancel keeps the session" time="0.041">
    </testcase>
    <testcase classname="ProfileScreen signs out after confirmation" name="ProfileScreen signs out after confirmation" time="0.101">
    </testcase>
    <testcase classname="ProfileScreen opens the delete sheet and states what survives deletion" name="ProfileScreen opens the delete sheet and states what survives deletion" time="0.059">
    </testcase>
    <testcase classname="ProfileScreen refuses to delete without a password, and does not call the service" name="ProfileScreen refuses to delete without a password, and does not call the service" time="0.105">
    </testcase>
    <testcase classname="ProfileScreen deletes the account with the entered password and returns to login" name="ProfileScreen deletes the account with the entered password and returns to login" time="0.404">
    </testcase>
    <testcase classname="ProfileScreen surfaces a failure and keeps the session when deletion is refused" name="ProfileScreen surfaces a failure and keeps the session when deletion is refused" time="0.189">
    </testcase>
  </testsuite>
  <testsuite name="AdminMerchItemsScreen" errors="0" failures="0" skipped="0" timestamp="2026-09-03T21:52:55" time="1.237" tests="4">
    <testcase classname="AdminMerchItemsScreen creates a new item from the Add Item form" name="AdminMerchItemsScreen creates a new item from the Add Item form" time="0.529">
    </testcase>
    <testcase classname="AdminMerchItemsScreen blocks saving a new item without a photo or price" name="AdminMerchItemsScreen blocks saving a new item without a photo or price" time="0.099">
    </testcase>
    <testcase classname="AdminMerchItemsScreen toggles the published state from the item badge" name="AdminMerchItemsScreen toggles the published state from the item badge" time="0.13">
    </testcase>
    <testcase classname="AdminMerchItemsScreen saves an edit without requiring a new photo" name="AdminMerchItemsScreen saves an edit without requiring a new photo" time="0.128">
    </testcase>
  </testsuite>
  <testsuite name="StoreScreen" errors="0" failures="0" skipped="0" timestamp="2026-09-03T21:52:55" time="1.311" tests="4">
    <testcase classname="StoreScreen shows each merchandise item" name="StoreScreen shows each merchandise item" time="0.213">
    </testcase>
    <testcase classname="StoreScreen shows an empty state when there is no merchandise" name="StoreScreen shows an empty state when there is no merchandise" time="0.061">
    </testcase>
    <testcase classname="StoreScreen requires a size before placing an order" name="StoreScreen requires a size before placing an order" time="0.087">
    </testcase>
    <testcase classname="StoreScreen creates an order once a size is selected and shows payment details" name="StoreScreen creates an order once a size is selected and shows payment details" time="0.221">
    </testcase>
  </testsuite>
  <testsuite name="MyEventsScreen" errors="0" failures="0" skipped="0" timestamp="2026-09-03T21:52:56" time="1.317" tests="5">
    <testcase classname="MyEventsScreen renders each registered event" name="MyEventsScreen renders each registered event" time="0.241">
    </testcase>
    <testcase classname="MyEventsScreen shows an empty state with a link to browse events when none registered" name="MyEventsScreen shows an empty state with a link to browse events when none registered" time="0.06">
    </testcase>
    <testcase classname="MyEventsScreen shows an Awaiting Payment badge and upload action for an unpaid registration" name="MyEventsScreen shows an Awaiting Payment badge and upload action for an unpaid registration" time="0.063">
    </testcase>
    <testcase classname="MyEventsScreen shows the rejection reason and a resubmit action for a rejected registration" name="MyEventsScreen shows the rejection reason and a resubmit action for a rejected registration" time="0.058">
    </testcase>
    <testcase classname="MyEventsScreen does not show an upload action for an approved registration" name="MyEventsScreen does not show an upload action for an approved registration" time="0.057">
    </testcase>
  </testsuite>
  <testsuite name="loginUser" errors="0" failures="0" skipped="0" timestamp="2026-09-03T21:52:57" time="0.376" tests="23">
    <testcase classname="loginUser returns user data for an approved member" name="loginUser returns user data for an approved member" time="0.002">
    </testcase>
    <testcase classname="loginUser signs out and throws for a pending user" name="loginUser signs out and throws for a pending user" time="0.002">
    </testcase>
    <testcase classname="loginUser signs out and throws for a rejected user" name="loginUser signs out and throws for a rejected user" time="0">
    </testcase>
    <testcase classname="loginUser creates a Firestore profile if none exists" name="loginUser creates a Firestore profile if none exists" time="0.001">
    </testcase>
    <testcase classname="loginUser throws the same friendly message for any bad credential error" name="loginUser throws the same friendly message for any bad credential error" time="0.003">
    </testcase>
    <testcase classname="registerUser auto-approves members" name="registerUser auto-approves members" time="0.001">
    </testcase>
    <testcase classname="registerUser sets status=pending for leaders" name="registerUser sets status=pending for leaders" time="0.001">
    </testcase>
    <testcase classname="registerUser rolls back auth user if Firestore write fails" name="registerUser rolls back auth user if Firestore write fails" time="0.001">
    </testcase>
    <testcase classname="registerUser throws friendly message for duplicate email" name="registerUser throws friendly message for duplicate email" time="0">
    </testcase>
    <testcase classname="approveUser calls updateDoc with approved status" name="approveUser calls updateDoc with approved status" time="0.001">
    </testcase>
    <testcase classname="approveUser creates an approval_status notification for the approved user" name="approveUser creates an approval_status notification for the approved user" time="0.012">
    </testcase>
    <testcase classname="approveUser throws friendly message on permission-denied" name="approveUser throws friendly message on permission-denied" time="0.003">
    </testcase>
    <testcase classname="rejectUser calls updateDoc with rejected status" name="rejectUser calls updateDoc with rejected status" time="0.001">
    </testcase>
    <testcase classname="rejectUser creates an approval_status notification including the rejection reason" name="rejectUser creates an approval_status notification including the rejection reason" time="0">
    </testcase>
    <testcase classname="rejectUser throws friendly message on permission-denied" name="rejectUser throws friendly message on permission-denied" time="0.001">
    </testcase>
    <testcase classname="getPendingRegistrations returns an array of pending users" name="getPendingRegistrations returns an array of pending users" time="0.001">
    </testcase>
    <testcase classname="getPendingRegistrations throws if the query fails" name="getPendingRegistrations throws if the query fails" time="0">
    </testcase>
    <testcase classname="getCurrentUser returns null when no user is signed in" name="getCurrentUser returns null when no user is signed in" time="0.001">
    </testcase>
    <testcase classname="getCurrentUser returns the user profile when signed in" name="getCurrentUser returns the user profile when signed in" time="0.001">
    </testcase>
    <testcase classname="sendResetEmail resolves successfully" name="sendResetEmail resolves successfully" time="0">
    </testcase>
    <testcase classname="sendResetEmail reports success for an unknown email — no account-existence leak" name="sendResetEmail reports success for an unknown email — no account-existence leak" time="0.001">
    </testcase>
    <testcase classname="sendResetEmail throws a friendly message on a real error" name="sendResetEmail throws a friendly message on a real error" time="0">
    </testcase>
    <testcase classname="logoutUser calls signOut and returns success" name="logoutUser calls signOut and returns success" time="0.001">
    </testcase>
  </testsuite>
  <testsuite name="NotificationsScreen" errors="0" failures="0" skipped="0" timestamp="2026-09-03T21:52:56" time="0.668" tests="4">
    <testcase classname="NotificationsScreen renders each notification title and body" name="NotificationsScreen renders each notification title and body" time="0.146">
    </testcase>
    <testcase classname="NotificationsScreen shows an empty state when there are no notifications" name="NotificationsScreen shows an empty state when there are no notifications" time="0.06">
    </testcase>
    <testcase classname="NotificationsScreen marks an unread notification as read when tapped" name="NotificationsScreen marks an unread notification as read when tapped" time="0.069">
    </testcase>
    <testcase classname="NotificationsScreen does not call markNotificationAsRead again for an already-read notification" name="NotificationsScreen does not call markNotificationAsRead again for an already-read notification" time="0.057">
    </testcase>
  </testsuite>
  <testsuite name="MyPrayerRequestsScreen" errors="0" failures="0" skipped="0" timestamp="2026-09-03T21:52:57" time="0.546" tests="2">
    <testcase classname="MyPrayerRequestsScreen renders the current user&apos;s own requests" name="MyPrayerRequestsScreen renders the current user&apos;s own requests" time="0.187">
    </testcase>
    <testcase classname="MyPrayerRequestsScreen shows an empty state with a link to the Prayer Wall when none submitted" name="MyPrayerRequestsScreen shows an empty state with a link to the Prayer Wall when none submitted" time="0.056">
    </testcase>
  </testsuite>
  <testsuite name="ROLES" errors="0" failures="0" skipped="0" timestamp="2026-09-03T21:52:57" time="0.365" tests="15">
    <testcase classname="ROLES defines all four roles" name="ROLES defines all four roles" time="0.001">
    </testcase>
    <testcase classname="USER_STATUS defines all required status values" name="USER_STATUS defines all required status values" time="0">
    </testcase>
    <testcase classname="DISTRICTS contains exactly 9 districts" name="DISTRICTS contains exactly 9 districts" time="0.001">
    </testcase>
    <testcase classname="DISTRICTS every district has required fields" name="DISTRICTS every district has required fields" time="0.01">
    </testcase>
    <testcase classname="DISTRICTS district ids are unique" name="DISTRICTS district ids are unique" time="0.001">
    </testcase>
    <testcase classname="DISTRICTS is sorted alphabetically by name (regression)" name="DISTRICTS is sorted alphabetically by name (regression)" time="0">
    </testcase>
    <testcase classname="DISTRICTS includes Boland and does not include West Coast (regression)" name="DISTRICTS includes Boland and does not include West Coast (regression)" time="0.01">
    </testcase>
    <testcase classname="DISTRICTS each congregation group within CONGREGATIONS is sorted alphabetically (regression)" name="DISTRICTS each congregation group within CONGREGATIONS is sorted alphabetically (regression)" time="0.002">
    </testcase>
    <testcase classname="CONGREGATIONS contains 81 congregations" name="CONGREGATIONS contains 81 congregations" time="0">
    </testcase>
    <testcase classname="CONGREGATIONS every congregation has a name and district" name="CONGREGATIONS every congregation has a name and district" time="0.063">
    </testcase>
    <testcase classname="CONGREGATIONS all district references match a known district name" name="CONGREGATIONS all district references match a known district name" time="0.015">
    </testcase>
    <testcase classname="BANK_DETAILS has required banking fields" name="BANK_DETAILS has required banking fields" time="0.001">
    </testcase>
    <testcase classname="NATIONAL_BOARD has exactly 8 members" name="NATIONAL_BOARD has exactly 8 members" time="0">
    </testcase>
    <testcase classname="NATIONAL_BOARD every member has a name and portfolio" name="NATIONAL_BOARD every member has a name and portfolio" time="0.005">
    </testcase>
    <testcase classname="NATIONAL_BOARD Children ministry has correct apostrophe (regression)" name="NATIONAL_BOARD Children ministry has correct apostrophe (regression)" time="0.001">
    </testcase>
  </testsuite>
  <testsuite name="RegisterScreen" errors="0" failures="0" skipped="0" timestamp="2026-09-03T21:52:51" time="6.085" tests="10">
    <testcase classname="RegisterScreen blocks step 1 on an invalid email format" name="RegisterScreen blocks step 1 on an invalid email format" time="1.408">
    </testcase>
    <testcase classname="RegisterScreen blocks step 1 when the password is under 6 characters" name="RegisterScreen blocks step 1 when the password is under 6 characters" time="0.146">
    </testcase>
    <testcase classname="RegisterScreen blocks step 1 when the passwords do not match" name="RegisterScreen blocks step 1 when the passwords do not match" time="0.165">
    </testcase>
    <testcase classname="RegisterScreen registers a member as auto-approved and logs straight in" name="RegisterScreen registers a member as auto-approved and logs straight in" time="0.639">
    </testcase>
    <testcase classname="RegisterScreen submits a leader registration as pending and returns to Login" name="RegisterScreen submits a leader registration as pending and returns to Login" time="0.432">
    </testcase>
    <testcase classname="RegisterScreen auto-fills the district when a congregation is picked" name="RegisterScreen auto-fills the district when a congregation is picked" time="0.316">
    </testcase>
    <testcase classname="RegisterScreen blocks submission until the Terms checkbox is ticked" name="RegisterScreen blocks submission until the Terms checkbox is ticked" time="0.261">
    </testcase>
    <testcase classname="RegisterScreen blocks submission when no congregation is selected" name="RegisterScreen blocks submission when no congregation is selected" time="0.233">
    </testcase>
    <testcase classname="RegisterScreen shows Registration Failed when the email is already in use" name="RegisterScreen shows Registration Failed when the email is already in use" time="0.38">
    </testcase>
    <testcase classname="RegisterScreen returns to Login from step 1 and to the previous step from step 2" name="RegisterScreen returns to Login from step 1 and to the previous step from step 2" time="0.175">
    </testcase>
  </testsuite>
  <testsuite name="DocumentsScreen" errors="0" failures="0" skipped="0" timestamp="2026-09-03T21:52:56" time="0.815" tests="4">
    <testcase classname="DocumentsScreen narrows the list with the category filter chips" name="DocumentsScreen narrows the list with the category filter chips" time="0.195">
    </testcase>
    <testcase classname="DocumentsScreen opens the document URL from the download control" name="DocumentsScreen opens the document URL from the download control" time="0.11">
    </testcase>
    <testcase classname="DocumentsScreen redirects a member straight back without loading documents" name="DocumentsScreen redirects a member straight back without loading documents" time="0.006">
    </testcase>
    <testcase classname="DocumentsScreen shows an empty state when no documents are uploaded" name="DocumentsScreen shows an empty state when no documents are uploaded" time="0.058">
    </testcase>
  </testsuite>
  <testsuite name="getPrayerRequests" errors="0" failures="0" skipped="0" timestamp="2026-09-03T21:52:57" time="0.23" tests="24">
    <testcase classname="getPrayerRequests returns national requests by default" name="getPrayerRequests returns national requests by default" time="0.002">
    </testcase>
    <testcase classname="getPrayerRequests returns district requests when scope is district and district provided" name="getPrayerRequests returns district requests when scope is district and district provided" time="0.001">
    </testcase>
    <testcase classname="getPrayerRequests returns empty array on error" name="getPrayerRequests returns empty array on error" time="0.001">
    </testcase>
    <testcase classname="getUserPrayerRequests returns the user&apos;s own submitted requests" name="getUserPrayerRequests returns the user&apos;s own submitted requests" time="0.001">
    </testcase>
    <testcase classname="getUserPrayerRequests returns empty array on error" name="getUserPrayerRequests returns empty array on error" time="0">
    </testcase>
    <testcase classname="submitPrayerRequest creates a prayer request with correct payload" name="submitPrayerRequest creates a prayer request with correct payload" time="0.001">
    </testcase>
    <testcase classname="submitPrayerRequest throws on failure" name="submitPrayerRequest throws on failure" time="0.001">
    </testcase>
    <testcase classname="prayForRequest adds user to prayingBy when they have not prayed" name="prayForRequest adds user to prayingBy when they have not prayed" time="0.001">
    </testcase>
    <testcase classname="prayForRequest removes user from prayingBy when they already prayed" name="prayForRequest removes user from prayingBy when they already prayed" time="0.01">
    </testcase>
    <testcase classname="prayForRequest throws when the request does not exist" name="prayForRequest throws when the request does not exist" time="0">
    </testcase>
    <testcase classname="getLiveStatus returns stored config when the document exists" name="getLiveStatus returns stored config when the document exists" time="0.001">
    </testcase>
    <testcase classname="getLiveStatus returns safe defaults when document does not exist" name="getLiveStatus returns safe defaults when document does not exist" time="0">
    </testcase>
    <testcase classname="getLiveStatus returns safe defaults on error" name="getLiveStatus returns safe defaults on error" time="0.001">
    </testcase>
    <testcase classname="incrementEventAttendeeCount increments attendee count on the event" name="incrementEventAttendeeCount increments attendee count on the event" time="0.001">
    </testcase>
    <testcase classname="getUpcomingEvents returns empty array on error" name="getUpcomingEvents returns empty array on error" time="0.001">
    </testcase>
    <testcase classname="getUpcomingEvents returns upcoming events sorted by date, filtering out past events" name="getUpcomingEvents returns upcoming events sorted by date, filtering out past events" time="0.019">
    </testcase>
    <testcase classname="getUserProfile returns user data when document exists" name="getUserProfile returns user data when document exists" time="0">
    </testcase>
    <testcase classname="getUserProfile returns null when document does not exist" name="getUserProfile returns null when document does not exist" time="0.001">
    </testcase>
    <testcase classname="updateUserProfile only writes allowed fields" name="updateUserProfile only writes allowed fields" time="0">
    </testcase>
    <testcase classname="updateUserProfile keeps phoneNormalized in step when the number changes" name="updateUserProfile keeps phoneNormalized in step when the number changes" time="0.001">
    </testcase>
    <testcase classname="updateUserProfile records an unusable number as null rather than a stale match" name="updateUserProfile records an unusable number as null rather than a stale match" time="0.001">
    </testcase>
    <testcase classname="updateUserProfile leaves phoneNormalized alone when the number is not being edited" name="updateUserProfile leaves phoneNormalized alone when the number is not being edited" time="0">
    </testcase>
    <testcase classname="createUserNotification writes a notification doc with the expected shape" name="createUserNotification writes a notification doc with the expected shape" time="0.001">
    </testcase>
    <testcase classname="createUserNotification never throws — returns success:false on failure" name="createUserNotification never throws — returns success:false on failure" time="0">
    </testcase>
  </testsuite>
  <testsuite name="registerForEvent" errors="0" failures="0" skipped="0" timestamp="2026-09-03T21:52:57" time="0.295" tests="20">
    <testcase classname="registerForEvent creates an awaiting_payment registration and increments attendee count for a paid event" name="registerForEvent creates an awaiting_payment registration and increments attendee count for a paid event" time="0.002">
    </testcase>
    <testcase classname="registerForEvent creates a confirmed registration for a free event" name="registerForEvent creates a confirmed registration for a free event" time="0">
    </testcase>
    <testcase classname="registerForEvent throws if already registered" name="registerForEvent throws if already registered" time="0.001">
    </testcase>
    <testcase classname="registerForEvent throws on write failure" name="registerForEvent throws on write failure" time="0.001">
    </testcase>
    <testcase classname="registerForEvent still succeeds when the attendee count bump fails" name="registerForEvent still succeeds when the attendee count bump fails" time="0">
    </testcase>
    <testcase classname="getUserEventRegistrationsMap returns a map keyed by eventId" name="getUserEventRegistrationsMap returns a map keyed by eventId" time="0.003">
    </testcase>
    <testcase classname="getUserEventRegistrationsMap returns an empty map on error" name="getUserEventRegistrationsMap returns an empty map on error" time="0">
    </testcase>
    <testcase classname="getUserEventRegistrations joins registrations with events and sorts by date" name="getUserEventRegistrations joins registrations with events and sorts by date" time="0.001">
    </testcase>
    <testcase classname="getUserEventRegistrations returns empty array on error" name="getUserEventRegistrations returns empty array on error" time="0">
    </testcase>
    <testcase classname="submitEventRegistrationPayment uploads proof and updates the registration to payment_submitted" name="submitEventRegistrationPayment uploads proof and updates the registration to payment_submitted" time="0.013">
    </testcase>
    <testcase classname="submitEventRegistrationPayment throws when upload fails" name="submitEventRegistrationPayment throws when upload fails" time="0.001">
    </testcase>
    <testcase classname="getPendingEventRegistrations fetches all payment_submitted registrations for admins" name="getPendingEventRegistrations fetches all payment_submitted registrations for admins" time="0.001">
    </testcase>
    <testcase classname="getPendingEventRegistrations filters by congregation for leaders" name="getPendingEventRegistrations filters by congregation for leaders" time="0">
    </testcase>
    <testcase classname="getEventRegistrationsByEvent groups registrations by event with attendees sorted by name, newest event first" name="getEventRegistrationsByEvent groups registrations by event with attendees sorted by name, newest event first" time="0.003">
    </testcase>
    <testcase classname="getEventRegistrationsByEvent scopes the query to the congregation for leaders" name="getEventRegistrationsByEvent scopes the query to the congregation for leaders" time="0">
    </testcase>
    <testcase classname="getEventRegistrationsByEvent returns an empty array on error" name="getEventRegistrationsByEvent returns an empty array on error" time="0.001">
    </testcase>
    <testcase classname="approveEventRegistration updates status to approved and notifies the owner" name="approveEventRegistration updates status to approved and notifies the owner" time="0.001">
    </testcase>
    <testcase classname="approveEventRegistration throws on failure" name="approveEventRegistration throws on failure" time="0">
    </testcase>
    <testcase classname="rejectEventRegistration updates status to rejected with reason and notifies the owner" name="rejectEventRegistration updates status to rejected with reason and notifies the owner" time="0.001">
    </testcase>
    <testcase classname="rejectEventRegistration throws on failure" name="rejectEventRegistration throws on failure" time="0.001">
    </testcase>
  </testsuite>
  <testsuite name="createMerchOrder" errors="0" failures="0" skipped="0" timestamp="2026-09-03T21:52:57" time="0.249" tests="12">
    <testcase classname="createMerchOrder creates an order doc with computed total and reference" name="createMerchOrder creates an order doc with computed total and reference" time="0.002">
    </testcase>
    <testcase classname="createMerchOrder throws on failure" name="createMerchOrder throws on failure" time="0.001">
    </testcase>
    <testcase classname="submitOrderPayment uploads proof and updates the order to payment_submitted" name="submitOrderPayment uploads proof and updates the order to payment_submitted" time="0.002">
    </testcase>
    <testcase classname="submitOrderPayment throws when upload fails" name="submitOrderPayment throws when upload fails" time="0">
    </testcase>
    <testcase classname="getUserMerchOrders returns the mapped list of orders for a user" name="getUserMerchOrders returns the mapped list of orders for a user" time="0.001">
    </testcase>
    <testcase classname="getUserMerchOrders returns empty array on error" name="getUserMerchOrders returns empty array on error" time="0.001">
    </testcase>
    <testcase classname="getPendingMerchOrders fetches all payment_submitted orders for admins" name="getPendingMerchOrders fetches all payment_submitted orders for admins" time="0.001">
    </testcase>
    <testcase classname="getPendingMerchOrders filters by congregation for leaders" name="getPendingMerchOrders filters by congregation for leaders" time="0">
    </testcase>
    <testcase classname="approveMerchOrder updates order status to approved and notifies the owner" name="approveMerchOrder updates order status to approved and notifies the owner" time="0.009">
    </testcase>
    <testcase classname="approveMerchOrder throws on failure" name="approveMerchOrder throws on failure" time="0">
    </testcase>
    <testcase classname="rejectMerchOrder updates order status to rejected with reason and notifies the owner" name="rejectMerchOrder updates order status to rejected with reason and notifies the owner" time="0.001">
    </testcase>
    <testcase classname="rejectMerchOrder throws on failure" name="rejectMerchOrder throws on failure" time="0.001">
    </testcase>
  </testsuite>
  <testsuite name="normalizePhone" errors="0" failures="0" skipped="0" timestamp="2026-09-03T21:52:57" time="0.171" tests="9">
    <testcase classname="normalizePhone keeps a plain local number unchanged" name="normalizePhone keeps a plain local number unchanged" time="0.001">
    </testcase>
    <testcase classname="normalizePhone accepts the spacings members actually type" name="normalizePhone accepts the spacings members actually type" time="0.002">
    </testcase>
    <testcase classname="normalizePhone converts international forms to local" name="normalizePhone converts international forms to local" time="0.001">
    </testcase>
    <testcase classname="normalizePhone restores a dropped leading zero" name="normalizePhone restores a dropped leading zero" time="0">
    </testcase>
    <testcase classname="normalizePhone rejects anything that is not a valid SA mobile number" name="normalizePhone rejects anything that is not a valid SA mobile number" time="0">
    </testcase>
    <testcase classname="normalizePhone normalizes every phone number currently in the members list" name="normalizePhone normalizes every phone number currently in the members list" time="0.001">
    </testcase>
    <testcase classname="identifierKind treats anything containing @ as an email" name="identifierKind treats anything containing @ as an email" time="0.002">
    </testcase>
    <testcase classname="identifierKind treats valid SA mobile numbers as phones" name="identifierKind treats valid SA mobile numbers as phones" time="0">
    </testcase>
    <testcase classname="identifierKind flags empty and unusable input" name="identifierKind flags empty and unusable input" time="0.001">
    </testcase>
  </testsuite>
  <testsuite name="event listing expiry" errors="0" failures="0" skipped="0" timestamp="2026-09-03T21:52:57" time="0.281" tests="5">
    <testcase classname="event listing expiry getAllEvents removes an event after its last day has passed" name="event listing expiry getAllEvents removes an event after its last day has passed" time="0.013">
    </testcase>
    <testcase classname="event listing expiry getAllEvents keeps a multi-day event that is still in progress" name="event listing expiry getAllEvents keeps a multi-day event that is still in progress" time="0.002">
    </testcase>
    <testcase classname="event listing expiry getAllEvents keeps a single-day event through the end of that day" name="event listing expiry getAllEvents keeps a single-day event through the end of that day" time="0.003">
    </testcase>
    <testcase classname="event listing expiry getUpcomingEvents keeps an in-progress multi-day event" name="event listing expiry getUpcomingEvents keeps an in-progress multi-day event" time="0.003">
    </testcase>
    <testcase classname="malformed event docs excludes an event with no date from all listings" name="malformed event docs excludes an event with no date from all listings" time="0.004">
    </testcase>
  </testsuite>
  <testsuite name="signing in with an email address" errors="0" failures="0" skipped="0" timestamp="2026-09-03T21:52:57" time="0.318" tests="8">
    <testcase classname="signing in with an email address goes straight to Firebase without calling the phone function" name="signing in with an email address goes straight to Firebase without calling the phone function" time="0.002">
    </testcase>
    <testcase classname="signing in with an email address trims stray whitespace around the address" name="signing in with an email address trims stray whitespace around the address" time="0">
    </testcase>
    <testcase classname="signing in with a mobile number resolves the number to an email, then signs in with it" name="signing in with a mobile number resolves the number to an email, then signs in with it" time="0.001">
    </testcase>
    <testcase classname="signing in with a mobile number normalizes international format before sending it" name="signing in with a mobile number normalizes international format before sending it" time="0.001">
    </testcase>
    <testcase classname="signing in with a mobile number surfaces the function’s own wording when the number is shared" name="signing in with a mobile number surfaces the function’s own wording when the number is shared" time="0.001">
    </testcase>
    <testcase classname="signing in with a mobile number surfaces the rate-limit message rather than a generic error" name="signing in with a mobile number surfaces the rate-limit message rather than a generic error" time="0.001">
    </testcase>
    <testcase classname="signing in with a mobile number keeps wrong details generic so nothing leaks about the number" name="signing in with a mobile number keeps wrong details generic so nothing leaks about the number" time="0">
    </testcase>
    <testcase classname="input that is neither passes unrecognisable input to Firebase for its usual verdict" name="input that is neither passes unrecognisable input to Firebase for its usual verdict" time="0.001">
    </testcase>
  </testsuite>
  <testsuite name="DistrictsScreen" errors="0" failures="0" skipped="0" timestamp="2026-09-03T21:52:56" time="1.199" tests="4">
    <testcase classname="DistrictsScreen expands a district row to show its board and congregations" name="DistrictsScreen expands a district row to show its board and congregations" time="0.273">
    </testcase>
    <testcase classname="DistrictsScreen collapses the district again on a second tap" name="DistrictsScreen collapses the district again on a second tap" time="0.298">
    </testcase>
    <testcase classname="DistrictsScreen renders unassigned board roles as TBA" name="DistrictsScreen renders unassigned board roles as TBA" time="0.1">
    </testcase>
    <testcase classname="DistrictsScreen navigates to the national boards" name="DistrictsScreen navigates to the national boards" time="0.04">
    </testcase>
  </testsuite>
</testsuites>